------------------------------------------------------------
TimeQuest Timing Analyzer Summary
------------------------------------------------------------

Type  : Slow 1100mV 85C Model Setup 'CLOCK_50'
Slack : -9.340
TNS   : -500.429

Type  : Slow 1100mV 85C Model Hold 'CLOCK_50'
Slack : 0.503
TNS   : 0.000

Type  : Slow 1100mV 85C Model Minimum Pulse Width 'CLOCK_50'
Slack : -0.538
TNS   : -55.926

Type  : Slow 1100mV 0C Model Setup 'CLOCK_50'
Slack : -9.374
TNS   : -499.955

Type  : Slow 1100mV 0C Model Hold 'CLOCK_50'
Slack : 0.503
TNS   : 0.000

Type  : Slow 1100mV 0C Model Minimum Pulse Width 'CLOCK_50'
Slack : -0.538
TNS   : -57.435

Type  : Fast 1100mV 85C Model Setup 'CLOCK_50'
Slack : -4.093
TNS   : -210.733

Type  : Fast 1100mV 85C Model Hold 'CLOCK_50'
Slack : 0.235
TNS   : 0.000

Type  : Fast 1100mV 85C Model Minimum Pulse Width 'CLOCK_50'
Slack : -0.092
TNS   : -6.089

Type  : Fast 1100mV 0C Model Setup 'CLOCK_50'
Slack : -3.569
TNS   : -183.142

Type  : Fast 1100mV 0C Model Hold 'CLOCK_50'
Slack : 0.223
TNS   : 0.000

Type  : Fast 1100mV 0C Model Minimum Pulse Width 'CLOCK_50'
Slack : -0.094
TNS   : -6.366

------------------------------------------------------------
